<?xml version="1.0" encoding="UTF-8"?>
<TestRun id="717736f7-bbe9-4c15-abeb-41bcd393c9cb" name="Hung Pham@HUNGPHAM 2009-07-11 12:16:22" runUser="HUNGPHAM\Hung Pham" xmlns="http://microsoft.com/schemas/VisualStudio/TeamTest/2006">
  <TestRunConfiguration name="Default Run Configuration" id="a97b521b-6d70-43ed-8941-e11a21016ba9">
    <Deployment runDeploymentRoot="D:\Work\MVC\TestResults\Hung Pham_HUNGPHAM 2009-07-11 12_16_22">
      <DeploymentItem filename="D:\Work\MVC\ABDH_Demo\bin\ABDH_Demo.dll" />
    </Deployment>
    <Hosts skipUnhostableTests="false" />
    <TestTypeSpecific />
  </TestRunConfiguration>
  <ResultSummary outcome="Completed">
    <Counters total="27" executed="27" passed="27" error="0" failed="0" timeout="0" aborted="0" inconclusive="0" passedButRunAborted="0" notRunnable="0" notExecuted="0" disconnected="0" warning="0" completed="0" inProgress="0" pending="0" />
  </ResultSummary>
  <Times creation="2009-07-11T12:16:22.7187500+07:00" queuing="2009-07-11T12:16:29.4843750+07:00" start="2009-07-11T12:16:29.8125000+07:00" finish="2009-07-11T12:16:31.5156250+07:00" />
  <TestDefinitions>
    <UnitTest name="LoginPostReturnsViewIfPasswordNotSpecified" storage="d:\work\mvc\abdh_demo.tests\bin\debug\abdh_demo.tests.dll" id="b743f6b9-ad52-226d-77ce-a3e959807043">
      <Css projectStructure="" iteration="" />
      <Owners>
        <Owner name="" />
      </Owners>
      <Execution id="c2651c46-2d83-4610-8afd-716e44371ecc" />
      <TestMethod codeBase="D:\Work\MVC\ABDH_Demo.Tests\bin\Debug\ABDH_Demo.Tests.dll" adapterTypeName="Microsoft.VisualStudio.TestTools.TestTypes.Unit.UnitTestAdapter, Microsoft.VisualStudio.QualityTools.Tips.UnitTest.Adapter, Version=9.0.0.0, Culture=neutral, PublicKeyToken=b03f5f7f11d50a3a" className="ABDH_Demo.Tests.Controllers.AccountControllerTest, ABDH_Demo.Tests" name="LoginPostReturnsViewIfPasswordNotSpecified" />
    </UnitTest>
    <UnitTest name="LogOff" storage="d:\work\mvc\abdh_demo.tests\bin\debug\abdh_demo.tests.dll" id="7dcbc77a-6f6f-014d-fb11-96789e9eef72">
      <Css projectStructure="" iteration="" />
      <Owners>
        <Owner name="" />
      </Owners>
      <Execution id="2eff2183-6611-4bbc-8178-c08de53384e3" />
      <TestMethod codeBase="D:\Work\MVC\ABDH_Demo.Tests\bin\Debug\ABDH_Demo.Tests.dll" adapterTypeName="Microsoft.VisualStudio.TestTools.TestTypes.Unit.UnitTestAdapter, Microsoft.VisualStudio.QualityTools.Tips.UnitTest.Adapter, Version=9.0.0.0, Culture=neutral, PublicKeyToken=b03f5f7f11d50a3a" className="ABDH_Demo.Tests.Controllers.AccountControllerTest, ABDH_Demo.Tests" name="LogOff" />
    </UnitTest>
    <UnitTest name="LoginPostReturnsViewIfUsernameNotSpecified" storage="d:\work\mvc\abdh_demo.tests\bin\debug\abdh_demo.tests.dll" id="7f23543a-f133-ade1-fc3d-b32d6c753282">
      <Css projectStructure="" iteration="" />
      <Owners>
        <Owner name="" />
      </Owners>
      <Execution id="c1033294-d0e3-4898-b06e-92df2e2f74d2" />
      <TestMethod codeBase="D:\Work\MVC\ABDH_Demo.Tests\bin\Debug\ABDH_Demo.Tests.dll" adapterTypeName="Microsoft.VisualStudio.TestTools.TestTypes.Unit.UnitTestAdapter, Microsoft.VisualStudio.QualityTools.Tips.UnitTest.Adapter, Version=9.0.0.0, Culture=neutral, PublicKeyToken=b03f5f7f11d50a3a" className="ABDH_Demo.Tests.Controllers.AccountControllerTest, ABDH_Demo.Tests" name="LoginPostReturnsViewIfUsernameNotSpecified" />
    </UnitTest>
    <UnitTest name="Index" storage="d:\work\mvc\abdh_demo.tests\bin\debug\abdh_demo.tests.dll" id="f7e60516-2aae-224a-a6d6-4377f182edf4">
      <Css projectStructure="" iteration="" />
      <Owners>
        <Owner name="" />
      </Owners>
      <Execution id="ec08885a-eab2-4090-ba27-063a1d12351e" />
      <TestMethod codeBase="D:\Work\MVC\ABDH_Demo.Tests\bin\Debug\ABDH_Demo.Tests.dll" adapterTypeName="Microsoft.VisualStudio.TestTools.TestTypes.Unit.UnitTestAdapter, Microsoft.VisualStudio.QualityTools.Tips.UnitTest.Adapter, Version=9.0.0.0, Culture=neutral, PublicKeyToken=b03f5f7f11d50a3a" className="ABDH_Demo.Tests.Controllers.HomeControllerTest, ABDH_Demo.Tests" name="Index" />
    </UnitTest>
    <UnitTest name="ChangePasswordPostReturnsViewIfNewPasswordDoesNotMatchConfirmPassword" storage="d:\work\mvc\abdh_demo.tests\bin\debug\abdh_demo.tests.dll" id="c2af1033-8bae-3ca4-4bb9-e1473e01c228">
      <Css projectStructure="" iteration="" />
      <Owners>
        <Owner name="" />
      </Owners>
      <Execution id="5e042f07-2334-4494-9e8c-82fc0075e320" />
      <TestMethod codeBase="D:\Work\MVC\ABDH_Demo.Tests\bin\Debug\ABDH_Demo.Tests.dll" adapterTypeName="Microsoft.VisualStudio.TestTools.TestTypes.Unit.UnitTestAdapter, Microsoft.VisualStudio.QualityTools.Tips.UnitTest.Adapter, Version=9.0.0.0, Culture=neutral, PublicKeyToken=b03f5f7f11d50a3a" className="ABDH_Demo.Tests.Controllers.AccountControllerTest, ABDH_Demo.Tests" name="ChangePasswordPostReturnsViewIfNewPasswordDoesNotMatchConfirmPassword" />
    </UnitTest>
    <UnitTest name="LoginPostRedirectsHomeIfLoginSuccessfulButNoReturnUrlGiven" storage="d:\work\mvc\abdh_demo.tests\bin\debug\abdh_demo.tests.dll" id="5a29d507-625c-ea42-9108-93ad7e8e89fe">
      <Css projectStructure="" iteration="" />
      <Owners>
        <Owner name="" />
      </Owners>
      <Execution id="74d04d1d-6f9b-4d2d-89a2-a76748915247" />
      <TestMethod codeBase="D:\Work\MVC\ABDH_Demo.Tests\bin\Debug\ABDH_Demo.Tests.dll" adapterTypeName="Microsoft.VisualStudio.TestTools.TestTypes.Unit.UnitTestAdapter, Microsoft.VisualStudio.QualityTools.Tips.UnitTest.Adapter, Version=9.0.0.0, Culture=neutral, PublicKeyToken=b03f5f7f11d50a3a" className="ABDH_Demo.Tests.Controllers.AccountControllerTest, ABDH_Demo.Tests" name="LoginPostRedirectsHomeIfLoginSuccessfulButNoReturnUrlGiven" />
    </UnitTest>
    <UnitTest name="LoginPostRedirectsToReturnUrlIfLoginSuccessfulAndReturnUrlGiven" storage="d:\work\mvc\abdh_demo.tests\bin\debug\abdh_demo.tests.dll" id="c281cf93-7cbd-b670-9be6-2fdc6d605fbf">
      <Css projectStructure="" iteration="" />
      <Owners>
        <Owner name="" />
      </Owners>
      <Execution id="660de688-5be2-406f-a494-7b8f88c5fb78" />
      <TestMethod codeBase="D:\Work\MVC\ABDH_Demo.Tests\bin\Debug\ABDH_Demo.Tests.dll" adapterTypeName="Microsoft.VisualStudio.TestTools.TestTypes.Unit.UnitTestAdapter, Microsoft.VisualStudio.QualityTools.Tips.UnitTest.Adapter, Version=9.0.0.0, Culture=neutral, PublicKeyToken=b03f5f7f11d50a3a" className="ABDH_Demo.Tests.Controllers.AccountControllerTest, ABDH_Demo.Tests" name="LoginPostRedirectsToReturnUrlIfLoginSuccessfulAndReturnUrlGiven" />
    </UnitTest>
    <UnitTest name="ChangePasswordPostReturnsViewIfNewPasswordIsNull" storage="d:\work\mvc\abdh_demo.tests\bin\debug\abdh_demo.tests.dll" id="b4d7bd3d-24b8-b3f3-52cc-99793c7df487">
      <Css projectStructure="" iteration="" />
      <Owners>
        <Owner name="" />
      </Owners>
      <Execution id="a81a9b35-f69f-4022-8ec1-d81be88df4ce" />
      <TestMethod codeBase="D:\Work\MVC\ABDH_Demo.Tests\bin\Debug\ABDH_Demo.Tests.dll" adapterTypeName="Microsoft.VisualStudio.TestTools.TestTypes.Unit.UnitTestAdapter, Microsoft.VisualStudio.QualityTools.Tips.UnitTest.Adapter, Version=9.0.0.0, Culture=neutral, PublicKeyToken=b03f5f7f11d50a3a" className="ABDH_Demo.Tests.Controllers.AccountControllerTest, ABDH_Demo.Tests" name="ChangePasswordPostReturnsViewIfNewPasswordIsNull" />
    </UnitTest>
    <UnitTest name="About" storage="d:\work\mvc\abdh_demo.tests\bin\debug\abdh_demo.tests.dll" id="f8610401-a842-a89b-4ccc-44cd1efab122">
      <Css projectStructure="" iteration="" />
      <Owners>
        <Owner name="" />
      </Owners>
      <Execution id="4d5d0340-41a1-4f5d-bbaa-6fa3afd603af" />
      <TestMethod codeBase="D:\Work\MVC\ABDH_Demo.Tests\bin\Debug\ABDH_Demo.Tests.dll" adapterTypeName="Microsoft.VisualStudio.TestTools.TestTypes.Unit.UnitTestAdapter, Microsoft.VisualStudio.QualityTools.Tips.UnitTest.Adapter, Version=9.0.0.0, Culture=neutral, PublicKeyToken=b03f5f7f11d50a3a" className="ABDH_Demo.Tests.Controllers.HomeControllerTest, ABDH_Demo.Tests" name="About" />
    </UnitTest>
    <UnitTest name="ConstructorSetsPropertiesToDefaultValues" storage="d:\work\mvc\abdh_demo.tests\bin\debug\abdh_demo.tests.dll" id="17880139-67b5-b4c9-5e61-f6321b364694">
      <Css projectStructure="" iteration="" />
      <Owners>
        <Owner name="" />
      </Owners>
      <Execution id="984e1863-367a-4296-a0ff-e95b6452d4d0" />
      <TestMethod codeBase="D:\Work\MVC\ABDH_Demo.Tests\bin\Debug\ABDH_Demo.Tests.dll" adapterTypeName="Microsoft.VisualStudio.TestTools.TestTypes.Unit.UnitTestAdapter, Microsoft.VisualStudio.QualityTools.Tips.UnitTest.Adapter, Version=9.0.0.0, Culture=neutral, PublicKeyToken=b03f5f7f11d50a3a" className="ABDH_Demo.Tests.Controllers.AccountControllerTest, ABDH_Demo.Tests" name="ConstructorSetsPropertiesToDefaultValues" />
    </UnitTest>
    <UnitTest name="LoginPostReturnsViewIfUsernameOrPasswordIsIncorrect" storage="d:\work\mvc\abdh_demo.tests\bin\debug\abdh_demo.tests.dll" id="247d5293-a196-13e2-7c2f-b66f410bb760">
      <Css projectStructure="" iteration="" />
      <Owners>
        <Owner name="" />
      </Owners>
      <Execution id="6bb37e9a-4a4c-4f37-979b-22fa2a9c2902" />
      <TestMethod codeBase="D:\Work\MVC\ABDH_Demo.Tests\bin\Debug\ABDH_Demo.Tests.dll" adapterTypeName="Microsoft.VisualStudio.TestTools.TestTypes.Unit.UnitTestAdapter, Microsoft.VisualStudio.QualityTools.Tips.UnitTest.Adapter, Version=9.0.0.0, Culture=neutral, PublicKeyToken=b03f5f7f11d50a3a" className="ABDH_Demo.Tests.Controllers.AccountControllerTest, ABDH_Demo.Tests" name="LoginPostReturnsViewIfUsernameOrPasswordIsIncorrect" />
    </UnitTest>
    <UnitTest name="ChangePasswordPostReturnsViewIfProviderRejectsPassword" storage="d:\work\mvc\abdh_demo.tests\bin\debug\abdh_demo.tests.dll" id="7de5bec3-2a49-9f58-9d9f-952f441f10a6">
      <Css projectStructure="" iteration="" />
      <Owners>
        <Owner name="" />
      </Owners>
      <Execution id="f062d259-168e-4fed-99e6-38b2f9d5bdae" />
      <TestMethod codeBase="D:\Work\MVC\ABDH_Demo.Tests\bin\Debug\ABDH_Demo.Tests.dll" adapterTypeName="Microsoft.VisualStudio.TestTools.TestTypes.Unit.UnitTestAdapter, Microsoft.VisualStudio.QualityTools.Tips.UnitTest.Adapter, Version=9.0.0.0, Culture=neutral, PublicKeyToken=b03f5f7f11d50a3a" className="ABDH_Demo.Tests.Controllers.AccountControllerTest, ABDH_Demo.Tests" name="ChangePasswordPostReturnsViewIfProviderRejectsPassword" />
    </UnitTest>
    <UnitTest name="ChangePasswordGetReturnsView" storage="d:\work\mvc\abdh_demo.tests\bin\debug\abdh_demo.tests.dll" id="589a7ca0-928f-38af-7f86-f9b6787116fe">
      <Css projectStructure="" iteration="" />
      <Owners>
        <Owner name="" />
      </Owners>
      <Execution id="c52d6fe3-7c4e-4bfb-81d6-67301112f24f" />
      <TestMethod codeBase="D:\Work\MVC\ABDH_Demo.Tests\bin\Debug\ABDH_Demo.Tests.dll" adapterTypeName="Microsoft.VisualStudio.TestTools.TestTypes.Unit.UnitTestAdapter, Microsoft.VisualStudio.QualityTools.Tips.UnitTest.Adapter, Version=9.0.0.0, Culture=neutral, PublicKeyToken=b03f5f7f11d50a3a" className="ABDH_Demo.Tests.Controllers.AccountControllerTest, ABDH_Demo.Tests" name="ChangePasswordGetReturnsView" />
    </UnitTest>
    <UnitTest name="RegisterPostReturnsViewIfRegistrationFails" storage="d:\work\mvc\abdh_demo.tests\bin\debug\abdh_demo.tests.dll" id="e2dc3f00-2660-d33d-ecc3-e10fc9b759a6">
      <Css projectStructure="" iteration="" />
      <Owners>
        <Owner name="" />
      </Owners>
      <Execution id="9084fc1e-c40c-477c-9b9f-b0222ec7df41" />
      <TestMethod codeBase="D:\Work\MVC\ABDH_Demo.Tests\bin\Debug\ABDH_Demo.Tests.dll" adapterTypeName="Microsoft.VisualStudio.TestTools.TestTypes.Unit.UnitTestAdapter, Microsoft.VisualStudio.QualityTools.Tips.UnitTest.Adapter, Version=9.0.0.0, Culture=neutral, PublicKeyToken=b03f5f7f11d50a3a" className="ABDH_Demo.Tests.Controllers.AccountControllerTest, ABDH_Demo.Tests" name="RegisterPostReturnsViewIfRegistrationFails" />
    </UnitTest>
    <UnitTest name="RegisterPostReturnsViewIfPasswordIsTooShort" storage="d:\work\mvc\abdh_demo.tests\bin\debug\abdh_demo.tests.dll" id="e0569bca-befd-8d89-a31a-02d5c4223b2b">
      <Css projectStructure="" iteration="" />
      <Owners>
        <Owner name="" />
      </Owners>
      <Execution id="1b730efb-8df4-4ac1-a222-6b1e074647cc" />
      <TestMethod codeBase="D:\Work\MVC\ABDH_Demo.Tests\bin\Debug\ABDH_Demo.Tests.dll" adapterTypeName="Microsoft.VisualStudio.TestTools.TestTypes.Unit.UnitTestAdapter, Microsoft.VisualStudio.QualityTools.Tips.UnitTest.Adapter, Version=9.0.0.0, Culture=neutral, PublicKeyToken=b03f5f7f11d50a3a" className="ABDH_Demo.Tests.Controllers.AccountControllerTest, ABDH_Demo.Tests" name="RegisterPostReturnsViewIfPasswordIsTooShort" />
    </UnitTest>
    <UnitTest name="RegisterPostRedirectsHomeIfRegistrationSuccessful" storage="d:\work\mvc\abdh_demo.tests\bin\debug\abdh_demo.tests.dll" id="9e8274d4-3515-f5aa-3c69-002d8f308e08">
      <Css projectStructure="" iteration="" />
      <Owners>
        <Owner name="" />
      </Owners>
      <Execution id="06547826-9769-4f4b-919a-eb507b368129" />
      <TestMethod codeBase="D:\Work\MVC\ABDH_Demo.Tests\bin\Debug\ABDH_Demo.Tests.dll" adapterTypeName="Microsoft.VisualStudio.TestTools.TestTypes.Unit.UnitTestAdapter, Microsoft.VisualStudio.QualityTools.Tips.UnitTest.Adapter, Version=9.0.0.0, Culture=neutral, PublicKeyToken=b03f5f7f11d50a3a" className="ABDH_Demo.Tests.Controllers.AccountControllerTest, ABDH_Demo.Tests" name="RegisterPostRedirectsHomeIfRegistrationSuccessful" />
    </UnitTest>
    <UnitTest name="ConstructorSetsProperties" storage="d:\work\mvc\abdh_demo.tests\bin\debug\abdh_demo.tests.dll" id="28db0448-1ed5-07cc-d489-3d1d77de8542">
      <Css projectStructure="" iteration="" />
      <Owners>
        <Owner name="" />
      </Owners>
      <Execution id="a242aa47-3e9b-4f5d-8cab-2997d75961f5" />
      <TestMethod codeBase="D:\Work\MVC\ABDH_Demo.Tests\bin\Debug\ABDH_Demo.Tests.dll" adapterTypeName="Microsoft.VisualStudio.TestTools.TestTypes.Unit.UnitTestAdapter, Microsoft.VisualStudio.QualityTools.Tips.UnitTest.Adapter, Version=9.0.0.0, Culture=neutral, PublicKeyToken=b03f5f7f11d50a3a" className="ABDH_Demo.Tests.Controllers.AccountControllerTest, ABDH_Demo.Tests" name="ConstructorSetsProperties" />
    </UnitTest>
    <UnitTest name="ChangePasswordSuccess" storage="d:\work\mvc\abdh_demo.tests\bin\debug\abdh_demo.tests.dll" id="0821fafd-6685-55bc-85c2-f4e23b384704">
      <Css projectStructure="" iteration="" />
      <Owners>
        <Owner name="" />
      </Owners>
      <Execution id="af7b1f0b-4a9d-41f4-8870-0055b3ab56b2" />
      <TestMethod codeBase="D:\Work\MVC\ABDH_Demo.Tests\bin\Debug\ABDH_Demo.Tests.dll" adapterTypeName="Microsoft.VisualStudio.TestTools.TestTypes.Unit.UnitTestAdapter, Microsoft.VisualStudio.QualityTools.Tips.UnitTest.Adapter, Version=9.0.0.0, Culture=neutral, PublicKeyToken=b03f5f7f11d50a3a" className="ABDH_Demo.Tests.Controllers.AccountControllerTest, ABDH_Demo.Tests" name="ChangePasswordSuccess" />
    </UnitTest>
    <UnitTest name="RegisterPostReturnsViewIfPasswordIsNull" storage="d:\work\mvc\abdh_demo.tests\bin\debug\abdh_demo.tests.dll" id="2e7cc3e2-d65e-c1db-b7fa-6a4f86a75b84">
      <Css projectStructure="" iteration="" />
      <Owners>
        <Owner name="" />
      </Owners>
      <Execution id="e1bd9c15-b20b-45aa-a893-24766719638a" />
      <TestMethod codeBase="D:\Work\MVC\ABDH_Demo.Tests\bin\Debug\ABDH_Demo.Tests.dll" adapterTypeName="Microsoft.VisualStudio.TestTools.TestTypes.Unit.UnitTestAdapter, Microsoft.VisualStudio.QualityTools.Tips.UnitTest.Adapter, Version=9.0.0.0, Culture=neutral, PublicKeyToken=b03f5f7f11d50a3a" className="ABDH_Demo.Tests.Controllers.AccountControllerTest, ABDH_Demo.Tests" name="RegisterPostReturnsViewIfPasswordIsNull" />
    </UnitTest>
    <UnitTest name="RegisterPostReturnsViewIfNewPasswordDoesNotMatchConfirmPassword" storage="d:\work\mvc\abdh_demo.tests\bin\debug\abdh_demo.tests.dll" id="f0580f60-77f1-28f3-950b-40d0dcf6c3a0">
      <Css projectStructure="" iteration="" />
      <Owners>
        <Owner name="" />
      </Owners>
      <Execution id="204f590a-dbd2-4503-a4f9-f2865aa41018" />
      <TestMethod codeBase="D:\Work\MVC\ABDH_Demo.Tests\bin\Debug\ABDH_Demo.Tests.dll" adapterTypeName="Microsoft.VisualStudio.TestTools.TestTypes.Unit.UnitTestAdapter, Microsoft.VisualStudio.QualityTools.Tips.UnitTest.Adapter, Version=9.0.0.0, Culture=neutral, PublicKeyToken=b03f5f7f11d50a3a" className="ABDH_Demo.Tests.Controllers.AccountControllerTest, ABDH_Demo.Tests" name="RegisterPostReturnsViewIfNewPasswordDoesNotMatchConfirmPassword" />
    </UnitTest>
    <UnitTest name="LoginGet" storage="d:\work\mvc\abdh_demo.tests\bin\debug\abdh_demo.tests.dll" id="0b8382c0-b9b5-12c7-ecd7-69a4775c5a9a">
      <Css projectStructure="" iteration="" />
      <Owners>
        <Owner name="" />
      </Owners>
      <Execution id="59025561-204b-43ca-8f3b-ac631b673ad1" />
      <TestMethod codeBase="D:\Work\MVC\ABDH_Demo.Tests\bin\Debug\ABDH_Demo.Tests.dll" adapterTypeName="Microsoft.VisualStudio.TestTools.TestTypes.Unit.UnitTestAdapter, Microsoft.VisualStudio.QualityTools.Tips.UnitTest.Adapter, Version=9.0.0.0, Culture=neutral, PublicKeyToken=b03f5f7f11d50a3a" className="ABDH_Demo.Tests.Controllers.AccountControllerTest, ABDH_Demo.Tests" name="LoginGet" />
    </UnitTest>
    <UnitTest name="RegisterGet" storage="d:\work\mvc\abdh_demo.tests\bin\debug\abdh_demo.tests.dll" id="44b02bc0-d837-c317-b80f-7b44bf79b8c1">
      <Css projectStructure="" iteration="" />
      <Owners>
        <Owner name="" />
      </Owners>
      <Execution id="0b8fdd09-542a-49b8-a01d-5d2256e474aa" />
      <TestMethod codeBase="D:\Work\MVC\ABDH_Demo.Tests\bin\Debug\ABDH_Demo.Tests.dll" adapterTypeName="Microsoft.VisualStudio.TestTools.TestTypes.Unit.UnitTestAdapter, Microsoft.VisualStudio.QualityTools.Tips.UnitTest.Adapter, Version=9.0.0.0, Culture=neutral, PublicKeyToken=b03f5f7f11d50a3a" className="ABDH_Demo.Tests.Controllers.AccountControllerTest, ABDH_Demo.Tests" name="RegisterGet" />
    </UnitTest>
    <UnitTest name="ChangePasswordPostRedirectsOnSuccess" storage="d:\work\mvc\abdh_demo.tests\bin\debug\abdh_demo.tests.dll" id="384866bd-597e-e3f4-0189-bfe940433ba7">
      <Css projectStructure="" iteration="" />
      <Owners>
        <Owner name="" />
      </Owners>
      <Execution id="370c6221-4342-42d1-bbe8-6b26b8e235b2" />
      <TestMethod codeBase="D:\Work\MVC\ABDH_Demo.Tests\bin\Debug\ABDH_Demo.Tests.dll" adapterTypeName="Microsoft.VisualStudio.TestTools.TestTypes.Unit.UnitTestAdapter, Microsoft.VisualStudio.QualityTools.Tips.UnitTest.Adapter, Version=9.0.0.0, Culture=neutral, PublicKeyToken=b03f5f7f11d50a3a" className="ABDH_Demo.Tests.Controllers.AccountControllerTest, ABDH_Demo.Tests" name="ChangePasswordPostRedirectsOnSuccess" />
    </UnitTest>
    <UnitTest name="ChangePasswordPostReturnsViewIfNewPasswordIsTooShort" storage="d:\work\mvc\abdh_demo.tests\bin\debug\abdh_demo.tests.dll" id="8b35cdf5-4e66-b0b8-aeb0-b81968ee02d8">
      <Css projectStructure="" iteration="" />
      <Owners>
        <Owner name="" />
      </Owners>
      <Execution id="1c123517-c605-4aff-81d7-0053abbbc9ff" />
      <TestMethod codeBase="D:\Work\MVC\ABDH_Demo.Tests\bin\Debug\ABDH_Demo.Tests.dll" adapterTypeName="Microsoft.VisualStudio.TestTools.TestTypes.Unit.UnitTestAdapter, Microsoft.VisualStudio.QualityTools.Tips.UnitTest.Adapter, Version=9.0.0.0, Culture=neutral, PublicKeyToken=b03f5f7f11d50a3a" className="ABDH_Demo.Tests.Controllers.AccountControllerTest, ABDH_Demo.Tests" name="ChangePasswordPostReturnsViewIfNewPasswordIsTooShort" />
    </UnitTest>
    <UnitTest name="RegisterPostReturnsViewIfEmailNotSpecified" storage="d:\work\mvc\abdh_demo.tests\bin\debug\abdh_demo.tests.dll" id="fc2cb38e-d3d0-38ae-6a4a-563446091447">
      <Css projectStructure="" iteration="" />
      <Owners>
        <Owner name="" />
      </Owners>
      <Execution id="29b54733-b8a6-430d-a0ef-425f0565d936" />
      <TestMethod codeBase="D:\Work\MVC\ABDH_Demo.Tests\bin\Debug\ABDH_Demo.Tests.dll" adapterTypeName="Microsoft.VisualStudio.TestTools.TestTypes.Unit.UnitTestAdapter, Microsoft.VisualStudio.QualityTools.Tips.UnitTest.Adapter, Version=9.0.0.0, Culture=neutral, PublicKeyToken=b03f5f7f11d50a3a" className="ABDH_Demo.Tests.Controllers.AccountControllerTest, ABDH_Demo.Tests" name="RegisterPostReturnsViewIfEmailNotSpecified" />
    </UnitTest>
    <UnitTest name="RegisterPostReturnsViewIfUsernameNotSpecified" storage="d:\work\mvc\abdh_demo.tests\bin\debug\abdh_demo.tests.dll" id="fc0eb50d-2f63-fc1d-a374-29a656a4dae7">
      <Css projectStructure="" iteration="" />
      <Owners>
        <Owner name="" />
      </Owners>
      <Execution id="a4cd658a-7163-4b83-9cc8-f30c922d5d62" />
      <TestMethod codeBase="D:\Work\MVC\ABDH_Demo.Tests\bin\Debug\ABDH_Demo.Tests.dll" adapterTypeName="Microsoft.VisualStudio.TestTools.TestTypes.Unit.UnitTestAdapter, Microsoft.VisualStudio.QualityTools.Tips.UnitTest.Adapter, Version=9.0.0.0, Culture=neutral, PublicKeyToken=b03f5f7f11d50a3a" className="ABDH_Demo.Tests.Controllers.AccountControllerTest, ABDH_Demo.Tests" name="RegisterPostReturnsViewIfUsernameNotSpecified" />
    </UnitTest>
    <UnitTest name="ChangePasswordPostReturnsViewIfCurrentPasswordNotSpecified" storage="d:\work\mvc\abdh_demo.tests\bin\debug\abdh_demo.tests.dll" id="91013254-ba4b-0e2e-6a2b-b71f4c5aeb07">
      <Css projectStructure="" iteration="" />
      <Owners>
        <Owner name="" />
      </Owners>
      <Execution id="f8361d36-a1f3-4482-9239-6f528a2a55c3" />
      <TestMethod codeBase="D:\Work\MVC\ABDH_Demo.Tests\bin\Debug\ABDH_Demo.Tests.dll" adapterTypeName="Microsoft.VisualStudio.TestTools.TestTypes.Unit.UnitTestAdapter, Microsoft.VisualStudio.QualityTools.Tips.UnitTest.Adapter, Version=9.0.0.0, Culture=neutral, PublicKeyToken=b03f5f7f11d50a3a" className="ABDH_Demo.Tests.Controllers.AccountControllerTest, ABDH_Demo.Tests" name="ChangePasswordPostReturnsViewIfCurrentPasswordNotSpecified" />
    </UnitTest>
  </TestDefinitions>
  <TestLists>
    <TestList name="Results Not in a List" id="8c84fa94-04c1-424b-9868-57a2d4851a1d" />
    <TestList name="All Loaded Results" id="19431567-8539-422a-85d7-44ee4e166bda" />
  </TestLists>
  <TestEntries>
    <TestEntry testId="589a7ca0-928f-38af-7f86-f9b6787116fe" executionId="c52d6fe3-7c4e-4bfb-81d6-67301112f24f" testListId="8c84fa94-04c1-424b-9868-57a2d4851a1d" />
    <TestEntry testId="384866bd-597e-e3f4-0189-bfe940433ba7" executionId="370c6221-4342-42d1-bbe8-6b26b8e235b2" testListId="8c84fa94-04c1-424b-9868-57a2d4851a1d" />
    <TestEntry testId="91013254-ba4b-0e2e-6a2b-b71f4c5aeb07" executionId="f8361d36-a1f3-4482-9239-6f528a2a55c3" testListId="8c84fa94-04c1-424b-9868-57a2d4851a1d" />
    <TestEntry testId="c2af1033-8bae-3ca4-4bb9-e1473e01c228" executionId="5e042f07-2334-4494-9e8c-82fc0075e320" testListId="8c84fa94-04c1-424b-9868-57a2d4851a1d" />
    <TestEntry testId="b4d7bd3d-24b8-b3f3-52cc-99793c7df487" executionId="a81a9b35-f69f-4022-8ec1-d81be88df4ce" testListId="8c84fa94-04c1-424b-9868-57a2d4851a1d" />
    <TestEntry testId="8b35cdf5-4e66-b0b8-aeb0-b81968ee02d8" executionId="1c123517-c605-4aff-81d7-0053abbbc9ff" testListId="8c84fa94-04c1-424b-9868-57a2d4851a1d" />
    <TestEntry testId="7de5bec3-2a49-9f58-9d9f-952f441f10a6" executionId="f062d259-168e-4fed-99e6-38b2f9d5bdae" testListId="8c84fa94-04c1-424b-9868-57a2d4851a1d" />
    <TestEntry testId="0821fafd-6685-55bc-85c2-f4e23b384704" executionId="af7b1f0b-4a9d-41f4-8870-0055b3ab56b2" testListId="8c84fa94-04c1-424b-9868-57a2d4851a1d" />
    <TestEntry testId="28db0448-1ed5-07cc-d489-3d1d77de8542" executionId="a242aa47-3e9b-4f5d-8cab-2997d75961f5" testListId="8c84fa94-04c1-424b-9868-57a2d4851a1d" />
    <TestEntry testId="17880139-67b5-b4c9-5e61-f6321b364694" executionId="984e1863-367a-4296-a0ff-e95b6452d4d0" testListId="8c84fa94-04c1-424b-9868-57a2d4851a1d" />
    <TestEntry testId="0b8382c0-b9b5-12c7-ecd7-69a4775c5a9a" executionId="59025561-204b-43ca-8f3b-ac631b673ad1" testListId="8c84fa94-04c1-424b-9868-57a2d4851a1d" />
    <TestEntry testId="5a29d507-625c-ea42-9108-93ad7e8e89fe" executionId="74d04d1d-6f9b-4d2d-89a2-a76748915247" testListId="8c84fa94-04c1-424b-9868-57a2d4851a1d" />
    <TestEntry testId="c281cf93-7cbd-b670-9be6-2fdc6d605fbf" executionId="660de688-5be2-406f-a494-7b8f88c5fb78" testListId="8c84fa94-04c1-424b-9868-57a2d4851a1d" />
    <TestEntry testId="b743f6b9-ad52-226d-77ce-a3e959807043" executionId="c2651c46-2d83-4610-8afd-716e44371ecc" testListId="8c84fa94-04c1-424b-9868-57a2d4851a1d" />
    <TestEntry testId="7f23543a-f133-ade1-fc3d-b32d6c753282" executionId="c1033294-d0e3-4898-b06e-92df2e2f74d2" testListId="8c84fa94-04c1-424b-9868-57a2d4851a1d" />
    <TestEntry testId="247d5293-a196-13e2-7c2f-b66f410bb760" executionId="6bb37e9a-4a4c-4f37-979b-22fa2a9c2902" testListId="8c84fa94-04c1-424b-9868-57a2d4851a1d" />
    <TestEntry testId="7dcbc77a-6f6f-014d-fb11-96789e9eef72" executionId="2eff2183-6611-4bbc-8178-c08de53384e3" testListId="8c84fa94-04c1-424b-9868-57a2d4851a1d" />
    <TestEntry testId="44b02bc0-d837-c317-b80f-7b44bf79b8c1" executionId="0b8fdd09-542a-49b8-a01d-5d2256e474aa" testListId="8c84fa94-04c1-424b-9868-57a2d4851a1d" />
    <TestEntry testId="9e8274d4-3515-f5aa-3c69-002d8f308e08" executionId="06547826-9769-4f4b-919a-eb507b368129" testListId="8c84fa94-04c1-424b-9868-57a2d4851a1d" />
    <TestEntry testId="fc2cb38e-d3d0-38ae-6a4a-563446091447" executionId="29b54733-b8a6-430d-a0ef-425f0565d936" testListId="8c84fa94-04c1-424b-9868-57a2d4851a1d" />
    <TestEntry testId="f0580f60-77f1-28f3-950b-40d0dcf6c3a0" executionId="204f590a-dbd2-4503-a4f9-f2865aa41018" testListId="8c84fa94-04c1-424b-9868-57a2d4851a1d" />
    <TestEntry testId="2e7cc3e2-d65e-c1db-b7fa-6a4f86a75b84" executionId="e1bd9c15-b20b-45aa-a893-24766719638a" testListId="8c84fa94-04c1-424b-9868-57a2d4851a1d" />
    <TestEntry testId="e0569bca-befd-8d89-a31a-02d5c4223b2b" executionId="1b730efb-8df4-4ac1-a222-6b1e074647cc" testListId="8c84fa94-04c1-424b-9868-57a2d4851a1d" />
    <TestEntry testId="e2dc3f00-2660-d33d-ecc3-e10fc9b759a6" executionId="9084fc1e-c40c-477c-9b9f-b0222ec7df41" testListId="8c84fa94-04c1-424b-9868-57a2d4851a1d" />
    <TestEntry testId="fc0eb50d-2f63-fc1d-a374-29a656a4dae7" executionId="a4cd658a-7163-4b83-9cc8-f30c922d5d62" testListId="8c84fa94-04c1-424b-9868-57a2d4851a1d" />
    <TestEntry testId="f7e60516-2aae-224a-a6d6-4377f182edf4" executionId="ec08885a-eab2-4090-ba27-063a1d12351e" testListId="8c84fa94-04c1-424b-9868-57a2d4851a1d" />
    <TestEntry testId="f8610401-a842-a89b-4ccc-44cd1efab122" executionId="4d5d0340-41a1-4f5d-bbaa-6fa3afd603af" testListId="8c84fa94-04c1-424b-9868-57a2d4851a1d" />
  </TestEntries>
  <Results>
    <UnitTestResult executionId="c52d6fe3-7c4e-4bfb-81d6-67301112f24f" testId="589a7ca0-928f-38af-7f86-f9b6787116fe" testName="ChangePasswordGetReturnsView" computerName="HUNGPHAM" duration="00:00:00.2650761" startTime="2009-07-11T12:16:29.9218750+07:00" endTime="2009-07-11T12:16:30.7343750+07:00" testType="13cdc9d9-ddb5-4fa4-a97d-d965ccfc6d4b" outcome="Passed" testListId="8c84fa94-04c1-424b-9868-57a2d4851a1d">
      <Output>
      </Output>
    </UnitTestResult>
    <UnitTestResult executionId="370c6221-4342-42d1-bbe8-6b26b8e235b2" testId="384866bd-597e-e3f4-0189-bfe940433ba7" testName="ChangePasswordPostRedirectsOnSuccess" computerName="HUNGPHAM" duration="00:00:00.0505988" startTime="2009-07-11T12:16:30.7656250+07:00" endTime="2009-07-11T12:16:30.8281250+07:00" testType="13cdc9d9-ddb5-4fa4-a97d-d965ccfc6d4b" outcome="Passed" testListId="8c84fa94-04c1-424b-9868-57a2d4851a1d">
      <Output>
      </Output>
    </UnitTestResult>
    <UnitTestResult executionId="f8361d36-a1f3-4482-9239-6f528a2a55c3" testId="91013254-ba4b-0e2e-6a2b-b71f4c5aeb07" testName="ChangePasswordPostReturnsViewIfCurrentPasswordNotSpecified" computerName="HUNGPHAM" duration="00:00:00.0069357" startTime="2009-07-11T12:16:30.8437500+07:00" endTime="2009-07-11T12:16:30.8437500+07:00" testType="13cdc9d9-ddb5-4fa4-a97d-d965ccfc6d4b" outcome="Passed" testListId="8c84fa94-04c1-424b-9868-57a2d4851a1d">
      <Output>
      </Output>
    </UnitTestResult>
    <UnitTestResult executionId="5e042f07-2334-4494-9e8c-82fc0075e320" testId="c2af1033-8bae-3ca4-4bb9-e1473e01c228" testName="ChangePasswordPostReturnsViewIfNewPasswordDoesNotMatchConfirmPassword" computerName="HUNGPHAM" duration="00:00:00.0009059" startTime="2009-07-11T12:16:30.8593750+07:00" endTime="2009-07-11T12:16:30.8750000+07:00" testType="13cdc9d9-ddb5-4fa4-a97d-d965ccfc6d4b" outcome="Passed" testListId="8c84fa94-04c1-424b-9868-57a2d4851a1d">
      <Output>
      </Output>
    </UnitTestResult>
    <UnitTestResult executionId="a81a9b35-f69f-4022-8ec1-d81be88df4ce" testId="b4d7bd3d-24b8-b3f3-52cc-99793c7df487" testName="ChangePasswordPostReturnsViewIfNewPasswordIsNull" computerName="HUNGPHAM" duration="00:00:00.0009188" startTime="2009-07-11T12:16:30.8750000+07:00" endTime="2009-07-11T12:16:30.8906250+07:00" testType="13cdc9d9-ddb5-4fa4-a97d-d965ccfc6d4b" outcome="Passed" testListId="8c84fa94-04c1-424b-9868-57a2d4851a1d">
      <Output>
      </Output>
    </UnitTestResult>
    <UnitTestResult executionId="1c123517-c605-4aff-81d7-0053abbbc9ff" testId="8b35cdf5-4e66-b0b8-aeb0-b81968ee02d8" testName="ChangePasswordPostReturnsViewIfNewPasswordIsTooShort" computerName="HUNGPHAM" duration="00:00:00.0008637" startTime="2009-07-11T12:16:30.9062500+07:00" endTime="2009-07-11T12:16:30.9062500+07:00" testType="13cdc9d9-ddb5-4fa4-a97d-d965ccfc6d4b" outcome="Passed" testListId="8c84fa94-04c1-424b-9868-57a2d4851a1d">
      <Output>
      </Output>
    </UnitTestResult>
    <UnitTestResult executionId="f062d259-168e-4fed-99e6-38b2f9d5bdae" testId="7de5bec3-2a49-9f58-9d9f-952f441f10a6" testName="ChangePasswordPostReturnsViewIfProviderRejectsPassword" computerName="HUNGPHAM" duration="00:00:00.0009051" startTime="2009-07-11T12:16:30.9218750+07:00" endTime="2009-07-11T12:16:30.9218750+07:00" testType="13cdc9d9-ddb5-4fa4-a97d-d965ccfc6d4b" outcome="Passed" testListId="8c84fa94-04c1-424b-9868-57a2d4851a1d">
      <Output>
      </Output>
    </UnitTestResult>
    <UnitTestResult executionId="af7b1f0b-4a9d-41f4-8870-0055b3ab56b2" testId="0821fafd-6685-55bc-85c2-f4e23b384704" testName="ChangePasswordSuccess" computerName="HUNGPHAM" duration="00:00:00.0009696" startTime="2009-07-11T12:16:30.9375000+07:00" endTime="2009-07-11T12:16:30.9531250+07:00" testType="13cdc9d9-ddb5-4fa4-a97d-d965ccfc6d4b" outcome="Passed" testListId="8c84fa94-04c1-424b-9868-57a2d4851a1d">
      <Output>
      </Output>
    </UnitTestResult>
    <UnitTestResult executionId="a242aa47-3e9b-4f5d-8cab-2997d75961f5" testId="28db0448-1ed5-07cc-d489-3d1d77de8542" testName="ConstructorSetsProperties" computerName="HUNGPHAM" duration="00:00:00.0970073" startTime="2009-07-11T12:16:30.9531250+07:00" endTime="2009-07-11T12:16:31.0625000+07:00" testType="13cdc9d9-ddb5-4fa4-a97d-d965ccfc6d4b" outcome="Passed" testListId="8c84fa94-04c1-424b-9868-57a2d4851a1d">
      <Output>
      </Output>
    </UnitTestResult>
    <UnitTestResult executionId="984e1863-367a-4296-a0ff-e95b6452d4d0" testId="17880139-67b5-b4c9-5e61-f6321b364694" testName="ConstructorSetsPropertiesToDefaultValues" computerName="HUNGPHAM" duration="00:00:00.0008766" startTime="2009-07-11T12:16:31.0781250+07:00" endTime="2009-07-11T12:16:31.0781250+07:00" testType="13cdc9d9-ddb5-4fa4-a97d-d965ccfc6d4b" outcome="Passed" testListId="8c84fa94-04c1-424b-9868-57a2d4851a1d">
      <Output>
      </Output>
    </UnitTestResult>
    <UnitTestResult executionId="59025561-204b-43ca-8f3b-ac631b673ad1" testId="0b8382c0-b9b5-12c7-ecd7-69a4775c5a9a" testName="LoginGet" computerName="HUNGPHAM" duration="00:00:00.0005986" startTime="2009-07-11T12:16:31.0937500+07:00" endTime="2009-07-11T12:16:31.0937500+07:00" testType="13cdc9d9-ddb5-4fa4-a97d-d965ccfc6d4b" outcome="Passed" testListId="8c84fa94-04c1-424b-9868-57a2d4851a1d">
      <Output>
      </Output>
    </UnitTestResult>
    <UnitTestResult executionId="74d04d1d-6f9b-4d2d-89a2-a76748915247" testId="5a29d507-625c-ea42-9108-93ad7e8e89fe" testName="LoginPostRedirectsHomeIfLoginSuccessfulButNoReturnUrlGiven" computerName="HUNGPHAM" duration="00:00:00.0031213" startTime="2009-07-11T12:16:31.1093750+07:00" endTime="2009-07-11T12:16:31.1250000+07:00" testType="13cdc9d9-ddb5-4fa4-a97d-d965ccfc6d4b" outcome="Passed" testListId="8c84fa94-04c1-424b-9868-57a2d4851a1d">
      <Output>
      </Output>
    </UnitTestResult>
    <UnitTestResult executionId="660de688-5be2-406f-a494-7b8f88c5fb78" testId="c281cf93-7cbd-b670-9be6-2fdc6d605fbf" testName="LoginPostRedirectsToReturnUrlIfLoginSuccessfulAndReturnUrlGiven" computerName="HUNGPHAM" duration="00:00:00.0024964" startTime="2009-07-11T12:16:31.1406250+07:00" endTime="2009-07-11T12:16:31.1406250+07:00" testType="13cdc9d9-ddb5-4fa4-a97d-d965ccfc6d4b" outcome="Passed" testListId="8c84fa94-04c1-424b-9868-57a2d4851a1d">
      <Output>
      </Output>
    </UnitTestResult>
    <UnitTestResult executionId="c2651c46-2d83-4610-8afd-716e44371ecc" testId="b743f6b9-ad52-226d-77ce-a3e959807043" testName="LoginPostReturnsViewIfPasswordNotSpecified" computerName="HUNGPHAM" duration="00:00:00.0007629" startTime="2009-07-11T12:16:31.1562500+07:00" endTime="2009-07-11T12:16:31.1562500+07:00" testType="13cdc9d9-ddb5-4fa4-a97d-d965ccfc6d4b" outcome="Passed" testListId="8c84fa94-04c1-424b-9868-57a2d4851a1d">
      <Output>
      </Output>
    </UnitTestResult>
    <UnitTestResult executionId="c1033294-d0e3-4898-b06e-92df2e2f74d2" testId="7f23543a-f133-ade1-fc3d-b32d6c753282" testName="LoginPostReturnsViewIfUsernameNotSpecified" computerName="HUNGPHAM" duration="00:00:00.0007646" startTime="2009-07-11T12:16:31.1718750+07:00" endTime="2009-07-11T12:16:31.1875000+07:00" testType="13cdc9d9-ddb5-4fa4-a97d-d965ccfc6d4b" outcome="Passed" testListId="8c84fa94-04c1-424b-9868-57a2d4851a1d">
      <Output>
      </Output>
    </UnitTestResult>
    <UnitTestResult executionId="6bb37e9a-4a4c-4f37-979b-22fa2a9c2902" testId="247d5293-a196-13e2-7c2f-b66f410bb760" testName="LoginPostReturnsViewIfUsernameOrPasswordIsIncorrect" computerName="HUNGPHAM" duration="00:00:00.0007559" startTime="2009-07-11T12:16:31.2031250+07:00" endTime="2009-07-11T12:16:31.2031250+07:00" testType="13cdc9d9-ddb5-4fa4-a97d-d965ccfc6d4b" outcome="Passed" testListId="8c84fa94-04c1-424b-9868-57a2d4851a1d">
      <Output>
      </Output>
    </UnitTestResult>
    <UnitTestResult executionId="2eff2183-6611-4bbc-8178-c08de53384e3" testId="7dcbc77a-6f6f-014d-fb11-96789e9eef72" testName="LogOff" computerName="HUNGPHAM" duration="00:00:00.0009596" startTime="2009-07-11T12:16:31.2187500+07:00" endTime="2009-07-11T12:16:31.2187500+07:00" testType="13cdc9d9-ddb5-4fa4-a97d-d965ccfc6d4b" outcome="Passed" testListId="8c84fa94-04c1-424b-9868-57a2d4851a1d">
      <Output>
      </Output>
    </UnitTestResult>
    <UnitTestResult executionId="0b8fdd09-542a-49b8-a01d-5d2256e474aa" testId="44b02bc0-d837-c317-b80f-7b44bf79b8c1" testName="RegisterGet" computerName="HUNGPHAM" duration="00:00:00.0008531" startTime="2009-07-11T12:16:31.2343750+07:00" endTime="2009-07-11T12:16:31.2500000+07:00" testType="13cdc9d9-ddb5-4fa4-a97d-d965ccfc6d4b" outcome="Passed" testListId="8c84fa94-04c1-424b-9868-57a2d4851a1d">
      <Output>
      </Output>
    </UnitTestResult>
    <UnitTestResult executionId="06547826-9769-4f4b-919a-eb507b368129" testId="9e8274d4-3515-f5aa-3c69-002d8f308e08" testName="RegisterPostRedirectsHomeIfRegistrationSuccessful" computerName="HUNGPHAM" duration="00:00:00.0031774" startTime="2009-07-11T12:16:31.2656250+07:00" endTime="2009-07-11T12:16:31.2656250+07:00" testType="13cdc9d9-ddb5-4fa4-a97d-d965ccfc6d4b" outcome="Passed" testListId="8c84fa94-04c1-424b-9868-57a2d4851a1d">
      <Output>
      </Output>
    </UnitTestResult>
    <UnitTestResult executionId="29b54733-b8a6-430d-a0ef-425f0565d936" testId="fc2cb38e-d3d0-38ae-6a4a-563446091447" testName="RegisterPostReturnsViewIfEmailNotSpecified" computerName="HUNGPHAM" duration="00:00:00.0005654" startTime="2009-07-11T12:16:31.2812500+07:00" endTime="2009-07-11T12:16:31.2812500+07:00" testType="13cdc9d9-ddb5-4fa4-a97d-d965ccfc6d4b" outcome="Passed" testListId="8c84fa94-04c1-424b-9868-57a2d4851a1d">
      <Output>
      </Output>
    </UnitTestResult>
    <UnitTestResult executionId="204f590a-dbd2-4503-a4f9-f2865aa41018" testId="f0580f60-77f1-28f3-950b-40d0dcf6c3a0" testName="RegisterPostReturnsViewIfNewPasswordDoesNotMatchConfirmPassword" computerName="HUNGPHAM" duration="00:00:00.0005612" startTime="2009-07-11T12:16:31.2968750+07:00" endTime="2009-07-11T12:16:31.2968750+07:00" testType="13cdc9d9-ddb5-4fa4-a97d-d965ccfc6d4b" outcome="Passed" testListId="8c84fa94-04c1-424b-9868-57a2d4851a1d">
      <Output>
      </Output>
    </UnitTestResult>
    <UnitTestResult executionId="e1bd9c15-b20b-45aa-a893-24766719638a" testId="2e7cc3e2-d65e-c1db-b7fa-6a4f86a75b84" testName="RegisterPostReturnsViewIfPasswordIsNull" computerName="HUNGPHAM" duration="00:00:00.0006037" startTime="2009-07-11T12:16:31.2968750+07:00" endTime="2009-07-11T12:16:31.3125000+07:00" testType="13cdc9d9-ddb5-4fa4-a97d-d965ccfc6d4b" outcome="Passed" testListId="8c84fa94-04c1-424b-9868-57a2d4851a1d">
      <Output>
      </Output>
    </UnitTestResult>
    <UnitTestResult executionId="1b730efb-8df4-4ac1-a222-6b1e074647cc" testId="e0569bca-befd-8d89-a31a-02d5c4223b2b" testName="RegisterPostReturnsViewIfPasswordIsTooShort" computerName="HUNGPHAM" duration="00:00:00.0005509" startTime="2009-07-11T12:16:31.3125000+07:00" endTime="2009-07-11T12:16:31.3281250+07:00" testType="13cdc9d9-ddb5-4fa4-a97d-d965ccfc6d4b" outcome="Passed" testListId="8c84fa94-04c1-424b-9868-57a2d4851a1d">
      <Output>
      </Output>
    </UnitTestResult>
    <UnitTestResult executionId="9084fc1e-c40c-477c-9b9f-b0222ec7df41" testId="e2dc3f00-2660-d33d-ecc3-e10fc9b759a6" testName="RegisterPostReturnsViewIfRegistrationFails" computerName="HUNGPHAM" duration="00:00:00.0008177" startTime="2009-07-11T12:16:31.3281250+07:00" endTime="2009-07-11T12:16:31.3281250+07:00" testType="13cdc9d9-ddb5-4fa4-a97d-d965ccfc6d4b" outcome="Passed" testListId="8c84fa94-04c1-424b-9868-57a2d4851a1d">
      <Output>
      </Output>
    </UnitTestResult>
    <UnitTestResult executionId="a4cd658a-7163-4b83-9cc8-f30c922d5d62" testId="fc0eb50d-2f63-fc1d-a374-29a656a4dae7" testName="RegisterPostReturnsViewIfUsernameNotSpecified" computerName="HUNGPHAM" duration="00:00:00.0005467" startTime="2009-07-11T12:16:31.3437500+07:00" endTime="2009-07-11T12:16:31.3437500+07:00" testType="13cdc9d9-ddb5-4fa4-a97d-d965ccfc6d4b" outcome="Passed" testListId="8c84fa94-04c1-424b-9868-57a2d4851a1d">
      <Output>
      </Output>
    </UnitTestResult>
    <UnitTestResult executionId="ec08885a-eab2-4090-ba27-063a1d12351e" testId="f7e60516-2aae-224a-a6d6-4377f182edf4" testName="Index" computerName="HUNGPHAM" duration="00:00:00.0012127" startTime="2009-07-11T12:16:31.3593750+07:00" endTime="2009-07-11T12:16:31.3593750+07:00" testType="13cdc9d9-ddb5-4fa4-a97d-d965ccfc6d4b" outcome="Passed" testListId="8c84fa94-04c1-424b-9868-57a2d4851a1d">
      <Output>
      </Output>
    </UnitTestResult>
    <UnitTestResult executionId="4d5d0340-41a1-4f5d-bbaa-6fa3afd603af" testId="f8610401-a842-a89b-4ccc-44cd1efab122" testName="About" computerName="HUNGPHAM" duration="00:00:00.0004000" startTime="2009-07-11T12:16:31.3750000+07:00" endTime="2009-07-11T12:16:31.3750000+07:00" testType="13cdc9d9-ddb5-4fa4-a97d-d965ccfc6d4b" outcome="Passed" testListId="8c84fa94-04c1-424b-9868-57a2d4851a1d">
      <Output>
      </Output>
    </UnitTestResult>
  </Results>
</TestRun>